// Jest Snapshot v1, https://goo.gl/fbAQLP

exports[`Testing Button component should match the snapshot 1`] = `
<button
  className="blue large"
  data-testid="custom-button"
>
  Click Me
</button>
`;
